// Jest Snapshot v1, https://goo.gl/fbAQLP

exports[`Link Renders User 1`] = `ShallowWrapper {}`;

exports[`Link Renders User 2 1`] = `ShallowWrapper {}`;

exports[`Link Renders User Not Found 1`] = `ShallowWrapper {}`;
